// Code generated by fileconst DO NOT EDIT
//
// If the associated files have changed, run the following command in
// the project's root directory:
//
//   go generate ./...
//

package something

// MergeNodeQuery does nothing
const MergeNodeQuery = `MERGE (n:Node {name: 'name'))`
